🎲🎲🎲 EXIT CODE: 0 🎲🎲🎲
🟩🟩🟩 STDOUT️ 🟩🟩🟩️
ID                     48461e8d-b6f2-4a89-b83d-599062a311df
Name                   cli-test
Description            cli-test
Status                 ready
Instances.0.ID         367941a9-0b6c-4c9f-9696-aa17050702d4
Instances.0.Status     ready
Instances.0.IPAddress  10.65.0.57
Instances.0.CreatedAt  few seconds ago
Instances.0.UpdatedAt  few seconds ago
Instances.0.Region     fr-par
Instances.0.Zone       fr-par-1
Instances.1.ID         7e1af82c-9a14-4d49-8ef7-be79d706a3d5
Instances.1.Status     ready
Instances.1.IPAddress  10.74.42.41
Instances.1.CreatedAt  few seconds ago
Instances.1.UpdatedAt  few seconds ago
Instances.1.Region     fr-par
Instances.1.Zone       fr-par-1
OrganizationID         951df375-e094-4d26-97c1-ba548eeb9c42
IP.0.ID                d54e37f9-7bb5-49c1-aee2-46b7d2da433c
IP.0.IPAddress         195.154.68.110
IP.0.OrganizationID    951df375-e094-4d26-97c1-ba548eeb9c42
IP.0.LBID              48461e8d-b6f2-4a89-b83d-599062a311df
IP.0.Reverse           195-154-68-110.lb.fr-par.scw.cloud
IP.0.ProjectID         951df375-e094-4d26-97c1-ba548eeb9c42
IP.0.Region            fr-par
IP.0.Zone              fr-par-1
FrontendCount          0
BackendCount           0
Type                   lb-s
SslCompatibilityLevel  ssl_compatibility_level_intermediate
ProjectID              951df375-e094-4d26-97c1-ba548eeb9c42
CreatedAt              few seconds ago
UpdatedAt              few seconds ago
PrivateNetworkCount    0
RouteCount             0
Region                 fr-par
Zone                   fr-par-1
🟩🟩🟩 JSON STDOUT 🟩🟩🟩
{
  "id": "48461e8d-b6f2-4a89-b83d-599062a311df",
  "name": "cli-test",
  "description": "cli-test",
  "status": "ready",
  "instances": [
    {
      "id": "367941a9-0b6c-4c9f-9696-aa17050702d4",
      "status": "ready",
      "ip_address": "10.65.0.57",
      "created_at": "1970-01-01T00:00:00.0Z",
      "updated_at": "1970-01-01T00:00:00.0Z",
      "region": "fr-par",
      "zone": "fr-par-1"
    },
    {
      "id": "7e1af82c-9a14-4d49-8ef7-be79d706a3d5",
      "status": "ready",
      "ip_address": "10.74.42.41",
      "created_at": "1970-01-01T00:00:00.0Z",
      "updated_at": "1970-01-01T00:00:00.0Z",
      "region": "fr-par",
      "zone": "fr-par-1"
    }
  ],
  "organization_id": "951df375-e094-4d26-97c1-ba548eeb9c42",
  "ip": [
    {
      "id": "d54e37f9-7bb5-49c1-aee2-46b7d2da433c",
      "ip_address": "195.154.68.110",
      "organization_id": "951df375-e094-4d26-97c1-ba548eeb9c42",
      "lb_id": "48461e8d-b6f2-4a89-b83d-599062a311df",
      "reverse": "195-154-68-110.lb.fr-par.scw.cloud",
      "project_id": "951df375-e094-4d26-97c1-ba548eeb9c42",
      "region": "fr-par",
      "zone": "fr-par-1"
    }
  ],
  "tags": [],
  "frontend_count": 0,
  "backend_count": 0,
  "type": "lb-s",
  "subscriber": null,
  "ssl_compatibility_level": "ssl_compatibility_level_intermediate",
  "project_id": "951df375-e094-4d26-97c1-ba548eeb9c42",
  "created_at": "1970-01-01T00:00:00.0Z",
  "updated_at": "1970-01-01T00:00:00.0Z",
  "private_network_count": 0,
  "route_count": 0,
  "region": "fr-par",
  "zone": "fr-par-1"
}
