🎲🎲🎲 EXIT CODE: 1 🎲🎲🎲
🟥🟥🟥 STDERR️️ 🟥🟥🟥️
Image d4067cdc-dc9d-4810-8a26-0dae51d7df42 requires 50 GB on root volume, but root volume is constrained between 20 GB and 20 GB on DEV1-S
🟥🟥🟥 JSON STDERR 🟥🟥🟥
{
  "error": "image d4067cdc-dc9d-4810-8a26-0dae51d7df42 requires 50 GB on root volume, but root volume is constrained between 20 GB and 20 GB on DEV1-S"
}
