🎲🎲🎲 EXIT CODE: 1 🎲🎲🎲
🟥🟥🟥 STDERR️️ 🟥🟥🟥️
Volume 9b97fb4c-c14e-4636-bb96-a79da5b6dc5f is already attached to 1dd2df0f-3e7f-4bc0-ad8d-03d37cfe4063 server
🟥🟥🟥 JSON STDERR 🟥🟥🟥
{
  "error": "volume 9b97fb4c-c14e-4636-bb96-a79da5b6dc5f is already attached to 1dd2df0f-3e7f-4bc0-ad8d-03d37cfe4063 server"
}
