🎲🎲🎲 EXIT CODE: 0 🎲🎲🎲
🟩🟩🟩 STDOUT️ 🟩🟩🟩️
✅ Success.
🟥🟥🟥 STDERR️️ 🟥🟥🟥️
successfully deleted ip 163.172.146.186
successfully deleted volume snapshot-de728daa-0bf6-4c64-abf5-a9477e791c83-2019-03-05_10:13 (20 GB l_ssd)
successfully deleted volume cli-srv-eager-driscoll-1 (10 GB b_ssd)
🟩🟩🟩 JSON STDOUT 🟩🟩🟩
{
  "message": "Success",
  "details": ""
}
