🎲🎲🎲 EXIT CODE: 0 🎲🎲🎲
🟩🟩🟩 STDOUT️ 🟩🟩🟩️
true
🟩🟩🟩 JSON STDOUT 🟩🟩🟩
{}
