🎲🎲🎲 EXIT CODE: 1 🎲🎲🎲
🟥🟥🟥 STDERR️️ 🟥🟥🟥️
Cannot find resource 'human' with ID '11111111-1111-1111-1111-111111111111'
🟥🟥🟥 JSON STDERR 🟥🟥🟥
{
  "message": "cannot find resource 'human' with ID '11111111-1111-1111-1111-111111111111'",
  "error": {
    "resource": "human",
    "resource_id": "11111111-1111-1111-1111-111111111111"
  }
}
