🎲🎲🎲 EXIT CODE: 0 🎲🎲🎲
🟩🟩🟩 STDOUT️ 🟩🟩🟩️
ID                    0194fdc2-fa2f-fcc0-41d3-ff12045b73c8
OrganizationID        11111111-1111-1111-1111-111111111111
CreatedAt             few seconds ago
UpdatedAt             few seconds ago
Height                155.666
ShoeSize              36
AltitudeInMeter       2147483647
AltitudeInMillimeter  2147483647285
FingersCount          20
HairCount             9223372036854775809
IsHappy               true
EyesColor             blue
Status                stopped
Name                  -
ProjectID             11111111-1111-1111-1111-111111111111
🟩🟩🟩 JSON STDOUT 🟩🟩🟩
{
  "id": "0194fdc2-fa2f-fcc0-41d3-ff12045b73c8",
  "organization_id": "11111111-1111-1111-1111-111111111111",
  "created_at": "1970-01-01T00:00:00.0Z",
  "updated_at": "1970-01-01T00:00:00.0Z",
  "height": 155.666,
  "shoe_size": 36,
  "altitude_in_meter": 2147483647,
  "altitude_in_millimeter": 2147483647285,
  "fingers_count": 20,
  "hair_count": 9223372036854775809,
  "is_happy": true,
  "eyes_color": "blue",
  "status": "stopped",
  "name": "",
  "project_id": "11111111-1111-1111-1111-111111111111"
}
