🎲🎲🎲 EXIT CODE: 0 🎲🎲🎲
🟥🟥🟥 STDERR️️ 🟥🟥🟥️
TLS certificate management commands.

USAGE:
  scw lb certificate <command>

AVAILABLE COMMANDS:
  create      Create a TLS certificate
  delete      Delete a TLS certificate
  get         Get a TLS certificate
  list        List all TLS certificates on a given load balancer
  update      Update a TLS certificate

FLAGS:
  -h, --help   help for certificate

GLOBAL FLAGS:
  -c, --config string    The path to the config file
  -D, --debug            Enable debug mode
  -o, --output string    Output format: json or human, see 'scw help output' for more info (default "human")
  -p, --profile string   The config profile to use

Use "scw lb certificate [command] --help" for more information about a command.
