🎲🎲🎲 EXIT CODE: 0 🎲🎲🎲
🟥🟥🟥 STDERR️️ 🟥🟥🟥️
Add an additional ACL rule to a database instance.

USAGE:
  scw rdb acl add [arg=value ...]

ARGS:
  instance-id                   UUID of the instance you want to add acl rules to
  [rules.{index}.ip]            
  [rules.{index}.description]   
  [region=fr-par]               Region to target. If none is passed will use default region from the config (fr-par | nl-ams | pl-waw)

FLAGS:
  -h, --help   help for add

GLOBAL FLAGS:
  -c, --config string    The path to the config file
  -D, --debug            Enable debug mode
  -o, --output string    Output format: json or human, see 'scw help output' for more info (default "human")
  -p, --profile string   The config profile to use
