🎲🎲🎲 EXIT CODE: 0 🎲🎲🎲
🟥🟥🟥 STDERR️️ 🟥🟥🟥️
This API allows you to manage your load balancer service

USAGE:
  scw lb <command>

AVAILABLE COMMANDS:
  acl         Access Control List (ACL) management commands
  backend     Backend management commands
  certificate TLS certificate management commands
  frontend    Frontend management commands
  ip          IP management commands
  lb          Load-balancer management commands
  lb-types    Load-balancer types management commands

FLAGS:
  -h, --help   help for lb

GLOBAL FLAGS:
  -c, --config string    The path to the config file
  -D, --debug            Enable debug mode
  -o, --output string    Output format: json or human, see 'scw help output' for more info (default "human")
  -p, --profile string   The config profile to use

Use "scw lb [command] --help" for more information about a command.
