🎲🎲🎲 EXIT CODE: 0 🎲🎲🎲
🟥🟥🟥 STDERR️️ 🟥🟥🟥️
Connect to the serial console of an instance

USAGE:
  scw instance server console <server-id ...> [arg=value ...]

ARGS:
  server-id         Server ID to connect to
  [zone=fr-par-1]   Zone to target. If none is passed will use default zone from the config

FLAGS:
  -h, --help   help for console

GLOBAL FLAGS:
  -c, --config string    The path to the config file
  -D, --debug            Enable debug mode
  -o, --output string    Output format: json or human, see 'scw help output' for more info (default "human")
  -p, --profile string   The config profile to use
