🎲🎲🎲 EXIT CODE: 0 🎲🎲🎲
🟥🟥🟥 STDERR️️ 🟥🟥🟥️
VPC API

USAGE:
  scw vpc <command>

AVAILABLE COMMANDS:
  private-network Private network management command

FLAGS:
  -h, --help   help for vpc

GLOBAL FLAGS:
  -c, --config string    The path to the config file
  -D, --debug            Enable debug mode
  -o, --output string    Output format: json or human, see 'scw help output' for more info (default "human")
  -p, --profile string   The config profile to use

Use "scw vpc [command] --help" for more information about a command.
