🎲🎲🎲 EXIT CODE: 0 🎲🎲🎲
🟥🟥🟥 STDERR️️ 🟥🟥🟥️
This method allows to get a specific Kubernetes version and the details about the version.

USAGE:
  scw k8s version get <version-name ...> [arg=value ...]

EXAMPLES:
  Get the Kubernetes version 1.18.0
    scw k8s version get 1.18.0

ARGS:
  version-name      The requested version name
  [region=fr-par]   Region to target. If none is passed will use default region from the config (fr-par | nl-ams | pl-waw)

FLAGS:
  -h, --help   help for get

GLOBAL FLAGS:
  -c, --config string    The path to the config file
  -D, --debug            Enable debug mode
  -o, --output string    Output format: json or human, see 'scw help output' for more info (default "human")
  -p, --profile string   The config profile to use
