🎲🎲🎲 EXIT CODE: 0 🎲🎲🎲
🟥🟥🟥 STDERR️️ 🟥🟥🟥️
DNS Zones management.

USAGE:
  scw dns zone <command>

AVAILABLE COMMANDS:
  clone       Clone a DNS zone
  create      Create a DNS zone
  delete      Delete DNS zone
  export      Export raw DNS zone
  import      Import raw DNS zone
  list        List DNS zones
  refresh     Refresh DNS zone
  update      Update a DNS zone

FLAGS:
  -h, --help   help for zone

GLOBAL FLAGS:
  -c, --config string    The path to the config file
  -D, --debug            Enable debug mode
  -o, --output string    Output format: json or human, see 'scw help output' for more info (default "human")
  -p, --profile string   The config profile to use

Use "scw dns zone [command] --help" for more information about a command.
