🎲🎲🎲 EXIT CODE: 0 🎲🎲🎲
🟥🟥🟥 STDERR️️ 🟥🟥🟥️
Create a new instance from a given snapshot.

USAGE:
  scw rdb snapshot restore <snapshot-id ...> [arg=value ...]

ARGS:
  snapshot-id       Block snapshot of the instance
  [instance-name]   Name of the instance created with the snapshot
  [is-ha-cluster]   Whether or not High-Availability is enabled on the new instance
  [node-type]       The node type used to restore the snapshot
  [region=fr-par]   Region to target. If none is passed will use default region from the config (fr-par | nl-ams | pl-waw)

FLAGS:
  -h, --help   help for restore

GLOBAL FLAGS:
  -c, --config string    The path to the config file
  -D, --debug            Enable debug mode
  -o, --output string    Output format: json or human, see 'scw help output' for more info (default "human")
  -p, --profile string   The config profile to use
