🎲🎲🎲 EXIT CODE: 0 🎲🎲🎲
🟥🟥🟥 STDERR️️ 🟥🟥🟥️
Get a DNS zone in a given format with default NS.

USAGE:
  scw dns zone export <dns-zone ...> [arg=value ...]

ARGS:
  dns-zone        The DNS zone to export
  [format=bind]   Format for DNS zone (unknown_raw_format | bind)

FLAGS:
  -h, --help   help for export

GLOBAL FLAGS:
  -c, --config string    The path to the config file
  -D, --debug            Enable debug mode
  -o, --output string    Output format: json or human, see 'scw help output' for more info (default "human")
  -p, --profile string   The config profile to use
