🎲🎲🎲 EXIT CODE: 0 🎲🎲🎲
🟥🟥🟥 STDERR️️ 🟥🟥🟥️
Get the details of a Security Group with the given ID.

USAGE:
  scw instance security-group get <security-group-id ...> [arg=value ...]

EXAMPLES:
  Get a security group with the given ID
    scw instance security-group get a3244331-5d32-4e36-9bf9-b60233e201c7

ARGS:
  security-group-id   UUID of the security group you want to get
  [zone=fr-par-1]     Zone to target. If none is passed will use default zone from the config (fr-par-1 | fr-par-2 | fr-par-3 | nl-ams-1 | pl-waw-1)

FLAGS:
  -h, --help   help for get

GLOBAL FLAGS:
  -c, --config string    The path to the config file
  -D, --debug            Enable debug mode
  -o, --output string    Output format: json or human, see 'scw help output' for more info (default "human")
  -p, --profile string   The config profile to use
