🎲🎲🎲 EXIT CODE: 0 🎲🎲🎲
🟥🟥🟥 STDERR️️ 🟥🟥🟥️
Update a device.

USAGE:
  scw iot device update <device-id ...> [arg=value ...]

ARGS:
  device-id                                    Device ID
  [description]                                Device description
  [allow-insecure]                             Allow plain and server-authenticated SSL connections in addition to mutually-authenticated ones
  [allow-multiple-connections]                 Allow multiple physical devices to connect with this device's credentials
  [message-filters.publish.policy]              (unknown | accept | reject)
  [message-filters.publish.topics.{index}]     
  [message-filters.subscribe.policy]            (unknown | accept | reject)
  [message-filters.subscribe.topics.{index}]   
  [hub-id]                                     Change Hub for this device, additional fees may apply, see IoT Hub pricing
  [region=fr-par]                              Region to target. If none is passed will use default region from the config (fr-par)

FLAGS:
  -h, --help   help for update

GLOBAL FLAGS:
  -c, --config string    The path to the config file
  -D, --debug            Enable debug mode
  -o, --output string    Output format: json or human, see 'scw help output' for more info (default "human")
  -p, --profile string   The config profile to use
