🎲🎲🎲 EXIT CODE: 0 🎲🎲🎲
🟥🟥🟥 STDERR️️ 🟥🟥🟥️
Clone an existed DNS zone with all its records into a new one.

USAGE:
  scw dns zone clone [arg=value ...]

ARGS:
  dns-zone        The DNS zone to clone
  dest-dns-zone   The destinaton DNS zone
  [overwrite]     Whether or not the destination DNS zone will be overwritten
  [project-id]    The project ID of the destination DNS zone

FLAGS:
  -h, --help   help for clone

GLOBAL FLAGS:
  -c, --config string    The path to the config file
  -D, --debug            Enable debug mode
  -o, --output string    Output format: json or human, see 'scw help output' for more info (default "human")
  -p, --profile string   The config profile to use
