🎲🎲🎲 EXIT CODE: 0 🎲🎲🎲
🟥🟥🟥 STDERR️️ 🟥🟥🟥️
This method allows to reset the admin token for a specific Kubernetes cluster. This will invalidate the old admin token (which will not be usable after) and create a new one. Note that the redownload of the kubeconfig will be necessary to keep interacting with the cluster (if the old admin token was used).

USAGE:
  scw k8s cluster reset-admin-token <cluster-id ...> [arg=value ...]

EXAMPLES:
  Reset the admin token for a given cluster
    scw k8s cluster reset-admin-token 11111111-1111-1111-111111111111

ARGS:
  cluster-id        The ID of the cluster of which the admin token will be renewed
  [region=fr-par]   Region to target. If none is passed will use default region from the config (fr-par | nl-ams | pl-waw)

FLAGS:
  -h, --help   help for reset-admin-token

GLOBAL FLAGS:
  -c, --config string    The path to the config file
  -D, --debug            Enable debug mode
  -o, --output string    Output format: json or human, see 'scw help output' for more info (default "human")
  -p, --profile string   The config profile to use
