🎲🎲🎲 EXIT CODE: 0 🎲🎲🎲
🟥🟥🟥 STDERR️️ 🟥🟥🟥️
Get metrics of a cluster.

USAGE:
  scw redis cluster metrics <cluster-id ...> [arg=value ...]

ARGS:
  cluster-id        UUID of the cluster
  [start-date]      Start date to gather metrics from
  [end-date]        End date to gather metrics from
  [metric-name]     Name of the metric to gather
  [zone=fr-par-1]   Zone to target. If none is passed will use default zone from the config (fr-par-2)

FLAGS:
  -h, --help   help for metrics

GLOBAL FLAGS:
  -c, --config string    The path to the config file
  -D, --debug            Enable debug mode
  -o, --output string    Output format: json or human, see 'scw help output' for more info (default "human")
  -p, --profile string   The config profile to use
