🎲🎲🎲 EXIT CODE: 0 🎲🎲🎲
🟥🟥🟥 STDERR️️ 🟥🟥🟥️
Instance API

USAGE:
  scw instance <command>

AVAILABLE COMMANDS:
  image           Image management commands
  ip              IP management commands
  placement-group Placement group management commands
  private-nic     Private NIC management commands
  security-group  Security group management commands
  server          Server management commands
  server-type     Server type management commands
  snapshot        Snapshot management commands
  user-data       User data management commands
  volume          Volume management commands
  volume-type     Volume type management commands

FLAGS:
  -h, --help   help for instance

GLOBAL FLAGS:
  -c, --config string    The path to the config file
  -D, --debug            Enable debug mode
  -o, --output string    Output format: json or human, see 'scw help output' for more info (default "human")
  -p, --profile string   The config profile to use

Use "scw instance [command] --help" for more information about a command.
