🎲🎲🎲 EXIT CODE: 0 🎲🎲🎲
🟥🟥🟥 STDERR️️ 🟥🟥🟥️
Create an instance image.

USAGE:
  scw instance image create [arg=value ...]

EXAMPLES:
  Create an image named 'foobar' for x86_64 instances from the given snapshot ID
    scw instance image create name=foobar snapshot-id=11111111-1111-1111-1111-111111111111 arch=x86_64

ARGS:
  [name=<generated>]                           Name of the image
  snapshot-id                                  UUID of the snapshot that will be used as root volume in the image
  arch                                         Architecture of the image (x86_64 | arm)
  [default-bootscript]                         Default bootscript of the image
  [additional-snapshots.{index}.id]            UUID of the snapshot to add
  [additional-snapshots.{index}.name]          Name of the additional snapshot
  [additional-snapshots.{index}.size]          Size of the additional snapshot
  [additional-snapshots.{index}.volume-type]   Underlying volume type of the additional snapshot (l_ssd | b_ssd)
  [additional-snapshots.{index}.project-id]    Project ID that own the additional snapshot
  [project-id]                                 Project ID to use. If none is passed the default project ID will be used
  [tags.{index}]                               The tags of the image
  [public]                                     True to create a public image
  [organization-id]                            Organization ID to use. If none is passed the default organization ID will be used
  [zone=fr-par-1]                              Zone to target. If none is passed will use default zone from the config (fr-par-1 | fr-par-2 | fr-par-3 | nl-ams-1 | pl-waw-1)

DEPRECATED ARGS:
  [additional-snapshots.{index}.organization-id]   Organization ID that own the additional snapshot

FLAGS:
  -h, --help   help for create

GLOBAL FLAGS:
  -c, --config string    The path to the config file
  -D, --debug            Enable debug mode
  -o, --output string    Output format: json or human, see 'scw help output' for more info (default "human")
  -p, --profile string   The config profile to use
