🎲🎲🎲 EXIT CODE: 0 🎲🎲🎲
🟥🟥🟥 STDERR️️ 🟥🟥🟥️
Get details of an IP with the given ID or address.

USAGE:
  scw instance ip get <ip ...> [arg=value ...]

EXAMPLES:
  Get an IP in the default zone with the given ID
    scw instance ip get 11111111-1111-1111-1111-111111111111

  Get an IP in fr-par-1 zone with the given ID
    scw instance ip get 11111111-1111-1111-1111-111111111111 zone=fr-par-1

  Get an IP using directly the given IP address
    scw instance ip get

ARGS:
  ip                The IP ID or address to get
  [zone=fr-par-1]   Zone to target. If none is passed will use default zone from the config (fr-par-1 | fr-par-2 | fr-par-3 | nl-ams-1 | pl-waw-1)

FLAGS:
  -h, --help   help for get

GLOBAL FLAGS:
  -c, --config string    The path to the config file
  -D, --debug            Enable debug mode
  -o, --output string    Output format: json or human, see 'scw help output' for more info (default "human")
  -p, --profile string   The config profile to use
