🎲🎲🎲 EXIT CODE: 0 🎲🎲🎲
🟥🟥🟥 STDERR️️ 🟥🟥🟥️
Wait for image to reach a stable state. This is similar to using --wait flag on other action commands, but without requiring a new action on the image.

USAGE:
  scw instance image wait <image-id ...> [arg=value ...]

EXAMPLES:
  Wait for a image to reach a stable state
    scw instance image wait 11111111-1111-1111-1111-111111111111

ARGS:
  image-id          ID of the image.
  [zone=fr-par-1]   Zone to target. If none is passed will use default zone from the config

FLAGS:
  -h, --help   help for wait

GLOBAL FLAGS:
  -c, --config string    The path to the config file
  -D, --debug            Enable debug mode
  -o, --output string    Output format: json or human, see 'scw help output' for more info (default "human")
  -p, --profile string   The config profile to use
