🎲🎲🎲 EXIT CODE: 0 🎲🎲🎲
🟥🟥🟥 STDERR️️ 🟥🟥🟥️
Cluster Settings are tunables of Redis Cluster. Available settings depend on the Redis version.

USAGE:
  scw redis setting <command>

AVAILABLE COMMANDS:
  add         Add cluster settings
  delete      Delete a cluster setting
  set         Set cluster settings

FLAGS:
  -h, --help   help for setting

GLOBAL FLAGS:
  -c, --config string    The path to the config file
  -D, --debug            Enable debug mode
  -o, --output string    Output format: json or human, see 'scw help output' for more info (default "human")
  -p, --profile string   The config profile to use

Use "scw redis setting [command] --help" for more information about a command.
