🎲🎲🎲 EXIT CODE: 0 🎲🎲🎲
🟥🟥🟥 STDERR️️ 🟥🟥🟥️
Create a snapshot from a given volume.

USAGE:
  scw instance snapshot create [arg=value ...]

EXAMPLES:
  Create a snapshot in the default zone from the given volume ID
    scw instance snapshot create volume-id=11111111-1111-1111-1111-111111111111

  Create a snapshot in fr-par-1 zone from the given volume ID
    scw instance snapshot create zone=fr-par-1 volume-id=11111111-1111-1111-1111-111111111111

  Create a named snapshot from the given volume ID
    scw instance snapshot create name=foobar volume-id=11111111-1111-1111-1111-111111111111

ARGS:
  [name=<generated>]   Name of the snapshot
  volume-id            UUID of the volume
  [tags.{index}]       The tags of the snapshot
  [project-id]         Project ID to use. If none is passed the default project ID will be used
  [organization-id]    Organization ID to use. If none is passed the default organization ID will be used
  [zone=fr-par-1]      Zone to target. If none is passed will use default zone from the config (fr-par-1 | fr-par-2 | fr-par-3 | nl-ams-1 | pl-waw-1)

FLAGS:
  -h, --help   help for create
  -w, --wait   wait until the snapshot is ready

GLOBAL FLAGS:
  -c, --config string    The path to the config file
  -D, --debug            Enable debug mode
  -o, --output string    Output format: json or human, see 'scw help output' for more info (default "human")
  -p, --profile string   The config profile to use
