🎲🎲🎲 EXIT CODE: 0 🎲🎲🎲
🟥🟥🟥 STDERR️️ 🟥🟥🟥️
Update an IP.

USAGE:
  scw lb ip update <ip-id ...> [arg=value ...]

ARGS:
  ip-id             IP address ID
  [reverse]         Reverse DNS
  [zone=fr-par-1]   Zone to target. If none is passed will use default zone from the config (fr-par-1 | fr-par-2 | nl-ams-1 | pl-waw-1)

FLAGS:
  -h, --help   help for update

GLOBAL FLAGS:
  -c, --config string    The path to the config file
  -D, --debug            Enable debug mode
  -o, --output string    Output format: json or human, see 'scw help output' for more info (default "human")
  -p, --profile string   The config profile to use
