🎲🎲🎲 EXIT CODE: 0 🎲🎲🎲
🟥🟥🟥 STDERR️️ 🟥🟥🟥️
Manage your DNS zones and records.

USAGE:
  scw dns <command>

AVAILABLE COMMANDS:
  certificate TLS certificate management
  record      DNS records management
  tsig-key    Transaction SIGnature key management
  version     DNS zones version management
  zone        DNS Zones management

FLAGS:
  -h, --help   help for dns

GLOBAL FLAGS:
  -c, --config string    The path to the config file
  -D, --debug            Enable debug mode
  -o, --output string    Output format: json or human, see 'scw help output' for more info (default "human")
  -p, --profile string   The config profile to use

Use "scw dns [command] --help" for more information about a command.
