🎲🎲🎲 EXIT CODE: 0 🎲🎲🎲
🟥🟥🟥 STDERR️️ 🟥🟥🟥️
Update an IP.

USAGE:
  scw vpc-gw ip update <ip-id ...> [arg=value ...]

ARGS:
  ip-id             ID of the IP to update
  [tags.{index}]    Tags to give to the IP
  [reverse]         Reverse to set on the IP. Empty string to unset
  [gateway-id]      Gateway to attach the IP to. Empty string to detach
  [zone=fr-par-1]   Zone to target. If none is passed will use default zone from the config (fr-par-1 | fr-par-2 | nl-ams-1 | pl-waw-1)

FLAGS:
  -h, --help   help for update

GLOBAL FLAGS:
  -c, --config string    The path to the config file
  -D, --debug            Enable debug mode
  -o, --output string    Output format: json or human, see 'scw help output' for more info (default "human")
  -p, --profile string   The config profile to use
