🎲🎲🎲 EXIT CODE: 0 🎲🎲🎲
🟥🟥🟥 STDERR️️ 🟥🟥🟥️
Get a gateway connection to a Private Network.

USAGE:
  scw vpc-gw gateway-network get <gateway-network-id ...> [arg=value ...]

ARGS:
  gateway-network-id   ID of the GatewayNetwork to fetch
  [zone=fr-par-1]      Zone to target. If none is passed will use default zone from the config (fr-par-1 | fr-par-2 | nl-ams-1 | pl-waw-1)

FLAGS:
  -h, --help   help for get

GLOBAL FLAGS:
  -c, --config string    The path to the config file
  -D, --debug            Enable debug mode
  -o, --output string    Output format: json or human, see 'scw help output' for more info (default "human")
  -p, --profile string   The config profile to use
