🎲🎲🎲 EXIT CODE: 0 🎲🎲🎲
🟥🟥🟥 STDERR️️ 🟥🟥🟥️
List privileges of a given user for a given database on a given instance.

USAGE:
  scw rdb privilege list [arg=value ...]

ARGS:
  [order-by]        Criteria to use when ordering privileges listing (user_name_asc | user_name_desc | database_name_asc | database_name_desc)
  [database-name]   Name of the database
  instance-id       UUID of the instance
  [user-name]       Name of the user
  [region=fr-par]   Region to target. If none is passed will use default region from the config (fr-par | nl-ams | pl-waw)

FLAGS:
  -h, --help   help for list

GLOBAL FLAGS:
  -c, --config string    The path to the config file
  -D, --debug            Enable debug mode
  -o, --output string    Output format: json or human, see 'scw help output' for more info (default "human")
  -p, --profile string   The config profile to use
