🎲🎲🎲 EXIT CODE: 0 🎲🎲🎲
🟥🟥🟥 STDERR️️ 🟥🟥🟥️
TLS certificate management.

USAGE:
  scw dns certificate <command>

AVAILABLE COMMANDS:
  create      Create or return the zone TLS certificate
  delete      Delete an TLS certificate
  get         Get the zone TLS certificate if it exists
  list        List all user TLS certificates

FLAGS:
  -h, --help   help for certificate

GLOBAL FLAGS:
  -c, --config string    The path to the config file
  -D, --debug            Enable debug mode
  -o, --output string    Output format: json or human, see 'scw help output' for more info (default "human")
  -p, --profile string   The config profile to use

Use "scw dns certificate [command] --help" for more information about a command.
