🎲🎲🎲 EXIT CODE: 0 🎲🎲🎲
🟥🟥🟥 STDERR️️ 🟥🟥🟥️
Attach an IP to a given server.

USAGE:
  scw instance ip attach <ip ...> [arg=value ...]

EXAMPLES:
  Attach an IP to the given server
    scw instance ip attach 1.2.3.4 server-id=11111111-1111-1111-1111-111111111111

ARGS:
  ip                IP or UUID of the IP.
  server-id         UUID of the server to attach the IP to
  [zone=fr-par-1]   Zone to target. If none is passed will use default zone from the config

FLAGS:
  -h, --help   help for attach

GLOBAL FLAGS:
  -c, --config string    The path to the config file
  -D, --debug            Enable debug mode
  -o, --output string    Output format: json or human, see 'scw help output' for more info (default "human")
  -p, --profile string   The config profile to use
