🎲🎲🎲 EXIT CODE: 0 🎲🎲🎲
🟥🟥🟥 STDERR️️ 🟥🟥🟥️
Create a Flexible IP.

USAGE:
  scw fip ip create [arg=value ...]

ARGS:
  [project-id]      Project ID to use. If none is passed the default project ID will be used
  [description]     Description to associate with the Flexible IP, max 255 characters
  [tags.{index}]    Tags to associate to the Flexible IP
  [server-id]       Server ID on which to attach the created Flexible IP
  [reverse]         Reverse DNS value
  [zone=fr-par-1]   Zone to target. If none is passed will use default zone from the config (fr-par-1 | fr-par-2 | nl-ams-1)

FLAGS:
  -h, --help   help for create

GLOBAL FLAGS:
  -c, --config string    The path to the config file
  -D, --debug            Enable debug mode
  -o, --output string    Output format: json or human, see 'scw help output' for more info (default "human")
  -p, --profile string   The config profile to use
