🎲🎲🎲 EXIT CODE: 0 🎲🎲🎲
🟥🟥🟥 STDERR️️ 🟥🟥🟥️
Add ACL rules for a given cluster.

USAGE:
  scw redis acl add [arg=value ...]

ARGS:
  cluster-id                        UUID of the cluster you want to add acl rules to
  [acl-rules.{index}.ip]            IPv4 network address of the rule
  [acl-rules.{index}.description]   Description of the rule
  [zone=fr-par-1]                   Zone to target. If none is passed will use default zone from the config (fr-par-2)

FLAGS:
  -h, --help   help for add

GLOBAL FLAGS:
  -c, --config string    The path to the config file
  -D, --debug            Enable debug mode
  -o, --output string    Output format: json or human, see 'scw help output' for more info (default "human")
  -p, --profile string   The config profile to use
