🎲🎲🎲 EXIT CODE: 0 🎲🎲🎲
🟥🟥🟥 STDERR️️ 🟥🟥🟥️
Get the details of a specified Server.

USAGE:
  scw instance server get <server-id ...> [arg=value ...]

EXAMPLES:
  Get a server with the given ID
    scw instance server get 94ededdf-358d-4019-9886-d754f8a2e78d

ARGS:
  server-id         UUID of the server you want to get
  [zone=fr-par-1]   Zone to target. If none is passed will use default zone from the config (fr-par-1 | fr-par-2 | fr-par-3 | nl-ams-1 | pl-waw-1)

FLAGS:
  -h, --help   help for get

GLOBAL FLAGS:
  -c, --config string    The path to the config file
  -D, --debug            Enable debug mode
  -o, --output string    Output format: json or human, see 'scw help output' for more info (default "human")
  -p, --profile string   The config profile to use
