🎲🎲🎲 EXIT CODE: 0 🎲🎲🎲
🟩🟩🟩 STDOUT️ 🟩🟩🟩️
111111111-111111111
🟩🟩🟩 JSON STDOUT 🟩🟩🟩
{
  "id": "111111111-111111111",
  "name": "David Copperfield"
}
